Duplicated file found; will not be sent for synthesis: /media/fra/DATA/uni/2019-2020/thesis/cogitantium/dtpu/pynq_vivado/pynqz2.srcs/sources_1/ip/mult_gen_0/hdl/xbip_utils_v3_0_vh_rfs.vhd
Duplicated file found; will not be sent for synthesis: /media/fra/DATA/uni/2019-2020/thesis/cogitantium/dtpu/pynq_vivado/pynqz2.srcs/sources_1/ip/mult_gen_0/hdl/xbip_pipe_v3_0_vh_rfs.vhd
Duplicated file found; will not be sent for synthesis: /media/fra/DATA/uni/2019-2020/thesis/cogitantium/dtpu/pynq_vivado/pynqz2.srcs/sources_1/ip/mult_gen_0/hdl/xbip_bram18k_v3_0_vh_rfs.vhd
Duplicated file found; will not be sent for synthesis: /media/fra/DATA/uni/2019-2020/thesis/cogitantium/dtpu/pynq_vivado/pynqz2.srcs/sources_1/ip/mult_gen_0/hdl/mult_gen_v12_0_vh_rfs.vhd
Duplicated file found; will not be sent for synthesis: /media/fra/DATA/uni/2019-2020/thesis/cogitantium/dtpu/pynq_vivado/pynqz2.srcs/sources_1/bd/pynqz2/ipshared/ef1e/hdl/lib_cdc_v1_0_rfs.vhd
Duplicated file found; will not be sent for synthesis: /media/fra/DATA/uni/2019-2020/thesis/cogitantium/dtpu/pynq_vivado/pynqz2.srcs/sources_1/bd/pynqz2/ipshared/0513/hdl/lib_pkg_v1_0_rfs.vhd
Duplicated file found; will not be sent for synthesis: /media/fra/DATA/uni/2019-2020/thesis/cogitantium/dtpu/pynq_vivado/pynqz2.srcs/sources_1/bd/pynqz2/ipshared/a5cb/hdl/lib_fifo_v1_0_rfs.vhd
Duplicated file found; will not be sent for synthesis: /media/fra/DATA/uni/2019-2020/thesis/cogitantium/dtpu/pynq_vivado/pynqz2.srcs/sources_1/bd/pynqz2/ipshared/51ce/hdl/lib_srl_fifo_v1_0_rfs.vhd
Duplicated file found; will not be sent for synthesis: /media/fra/DATA/uni/2019-2020/thesis/cogitantium/dtpu/pynq_vivado/pynqz2.srcs/sources_1/bd/pynqz2/ipshared/ef1e/hdl/lib_cdc_v1_0_rfs.vhd
Duplicated file found; will not be sent for synthesis: /media/fra/DATA/uni/2019-2020/thesis/cogitantium/dtpu/pynq_vivado/pynqz2.srcs/sources_1/bd/pynqz2/ipshared/1e40/hdl/axi_datamover_v5_1_vh_rfs.vhd
Duplicated file found; will not be sent for synthesis: /media/fra/DATA/uni/2019-2020/thesis/cogitantium/dtpu/pynq_vivado/pynqz2.srcs/sources_1/bd/pynqz2/ipshared/4919/hdl/axi_sg_v4_1_rfs.vhd
Duplicated file found; will not be sent for synthesis: /media/fra/DATA/uni/2019-2020/thesis/cogitantium/dtpu/pynq_vivado/pynqz2.srcs/sources_1/bd/pynqz2/ipshared/ec2a/hdl/axi_dma_v7_1_vh_rfs.vhd
Duplicated file found; will not be sent for synthesis: /media/fra/DATA/uni/2019-2020/thesis/cogitantium/dtpu/pynq_vivado/pynqz2.srcs/sources_1/bd/pynqz2/ipshared/2985/hdl/blk_mem_gen_v8_4_vhsyn_rfs.vhd
Duplicated file found; will not be sent for synthesis: /media/fra/DATA/uni/2019-2020/thesis/cogitantium/dtpu/pynq_vivado/pynqz2.srcs/sources_1/bd/pynqz2/ipshared/276e/hdl/fifo_generator_v13_2_vhsyn_rfs.vhd
Duplicated file found; will not be sent for synthesis: /media/fra/DATA/uni/2019-2020/thesis/cogitantium/dtpu/pynq_vivado/pynqz2.srcs/sources_1/bd/pynqz2/ipshared/0513/hdl/lib_pkg_v1_0_rfs.vhd
Duplicated file found; will not be sent for synthesis: /media/fra/DATA/uni/2019-2020/thesis/cogitantium/dtpu/pynq_vivado/pynqz2.srcs/sources_1/bd/pynqz2/ipshared/a5cb/hdl/lib_fifo_v1_0_rfs.vhd
Duplicated file found; will not be sent for synthesis: /media/fra/DATA/uni/2019-2020/thesis/cogitantium/dtpu/pynq_vivado/pynqz2.srcs/sources_1/bd/pynqz2/ipshared/51ce/hdl/lib_srl_fifo_v1_0_rfs.vhd
Duplicated file found; will not be sent for synthesis: /media/fra/DATA/uni/2019-2020/thesis/cogitantium/dtpu/pynq_vivado/pynqz2.srcs/sources_1/bd/pynqz2/ipshared/ef1e/hdl/lib_cdc_v1_0_rfs.vhd
Duplicated file found; will not be sent for synthesis: /media/fra/DATA/uni/2019-2020/thesis/cogitantium/dtpu/pynq_vivado/pynqz2.srcs/sources_1/bd/pynqz2/ipshared/1e40/hdl/axi_datamover_v5_1_vh_rfs.vhd
Duplicated file found; will not be sent for synthesis: /media/fra/DATA/uni/2019-2020/thesis/cogitantium/dtpu/pynq_vivado/pynqz2.srcs/sources_1/bd/pynqz2/ipshared/4919/hdl/axi_sg_v4_1_rfs.vhd
Duplicated file found; will not be sent for synthesis: /media/fra/DATA/uni/2019-2020/thesis/cogitantium/dtpu/pynq_vivado/pynqz2.srcs/sources_1/bd/pynqz2/ipshared/ec2a/hdl/axi_dma_v7_1_vh_rfs.vhd
Duplicated file found; will not be sent for synthesis: /media/fra/DATA/uni/2019-2020/thesis/cogitantium/dtpu/pynq_vivado/pynqz2.srcs/sources_1/bd/pynqz2/ipshared/2985/hdl/blk_mem_gen_v8_4_vhsyn_rfs.vhd
Duplicated file found; will not be sent for synthesis: /media/fra/DATA/uni/2019-2020/thesis/cogitantium/dtpu/pynq_vivado/pynqz2.srcs/sources_1/bd/pynqz2/ipshared/276e/hdl/fifo_generator_v13_2_vhsyn_rfs.vhd
Duplicated file found; will not be sent for synthesis: /media/fra/DATA/uni/2019-2020/thesis/cogitantium/dtpu/pynq_vivado/pynqz2.srcs/sources_1/bd/pynqz2/ipshared/2137/hdl/util_vector_logic_v2_0_vl_rfs.v
Duplicated file found; will not be sent for synthesis: /media/fra/DATA/uni/2019-2020/thesis/cogitantium/dtpu/pynq_vivado/pynqz2.srcs/sources_1/bd/pynqz2/ipshared/2985/hdl/blk_mem_gen_v8_4_vhsyn_rfs.vhd
Duplicated file found; will not be sent for synthesis: /media/fra/DATA/uni/2019-2020/thesis/cogitantium/dtpu/pynq_vivado/pynqz2.srcs/sources_1/bd/pynqz2/ipshared/276e/hdl/fifo_generator_v13_2_vhsyn_rfs.vhd
Duplicated file found; will not be sent for synthesis: /media/fra/DATA/uni/2019-2020/thesis/cogitantium/dtpu/pynq_vivado/pynqz2.srcs/sources_1/bd/pynqz2/ipshared/34f7/hdl/xlconstant_v1_1_vl_rfs.v
Duplicated file found; will not be sent for synthesis: /media/fra/DATA/uni/2019-2020/thesis/cogitantium/dtpu/pynq_vivado/pynqz2.srcs/sources_1/bd/pynqz2/ipshared/ef1e/hdl/lib_cdc_v1_0_rfs.vhd
Duplicated file found; will not be sent for synthesis: /media/fra/DATA/uni/2019-2020/thesis/cogitantium/dtpu/pynq_vivado/pynqz2.srcs/sources_1/bd/pynqz2/ipshared/8842/hdl/proc_sys_reset_v5_0_vh_rfs.vhd
Duplicated file found; will not be sent for synthesis: /media/fra/DATA/uni/2019-2020/thesis/cogitantium/dtpu/pynq_vivado/pynqz2.srcs/sources_1/bd/pynqz2/ipshared/1ddd/hdl/verilog/sc_util_v1_0_4_constants.vh
Duplicated file found; will not be sent for synthesis: /media/fra/DATA/uni/2019-2020/thesis/cogitantium/dtpu/pynq_vivado/pynqz2.srcs/sources_1/bd/pynqz2/ipshared/1ddd/hdl/verilog/sc_util_v1_0_4_structs.svh
Duplicated file found; will not be sent for synthesis: /media/fra/DATA/uni/2019-2020/thesis/cogitantium/dtpu/pynq_vivado/pynqz2.srcs/sources_1/bd/pynqz2/ipshared/1ddd/hdl/sc_util_v1_0_vl_rfs.sv
Duplicated file found; will not be sent for synthesis: /media/fra/DATA/uni/2019-2020/thesis/cogitantium/dtpu/pynq_vivado/pynqz2.srcs/sources_1/bd/pynqz2/ipshared/c012/hdl/sc_switchboard_v1_0_vl_rfs.sv
Duplicated file found; will not be sent for synthesis: /media/fra/DATA/uni/2019-2020/thesis/cogitantium/dtpu/pynq_vivado/pynqz2.srcs/sources_1/bd/pynqz2/ipshared/1ddd/hdl/verilog/sc_util_v1_0_4_constants.vh
Duplicated file found; will not be sent for synthesis: /media/fra/DATA/uni/2019-2020/thesis/cogitantium/dtpu/pynq_vivado/pynqz2.srcs/sources_1/bd/pynqz2/ipshared/1ddd/hdl/verilog/sc_util_v1_0_4_structs.svh
Duplicated file found; will not be sent for synthesis: /media/fra/DATA/uni/2019-2020/thesis/cogitantium/dtpu/pynq_vivado/pynqz2.srcs/sources_1/bd/pynqz2/ipshared/1ddd/hdl/sc_util_v1_0_vl_rfs.sv
Duplicated file found; will not be sent for synthesis: /media/fra/DATA/uni/2019-2020/thesis/cogitantium/dtpu/pynq_vivado/pynqz2.srcs/sources_1/bd/pynqz2/ipshared/c012/hdl/sc_switchboard_v1_0_vl_rfs.sv
Duplicated file found; will not be sent for synthesis: /media/fra/DATA/uni/2019-2020/thesis/cogitantium/dtpu/pynq_vivado/pynqz2.srcs/sources_1/bd/pynqz2/ipshared/1ddd/hdl/verilog/sc_util_v1_0_4_constants.vh
Duplicated file found; will not be sent for synthesis: /media/fra/DATA/uni/2019-2020/thesis/cogitantium/dtpu/pynq_vivado/pynqz2.srcs/sources_1/bd/pynqz2/ipshared/1ddd/hdl/verilog/sc_util_v1_0_4_structs.svh
Duplicated file found; will not be sent for synthesis: /media/fra/DATA/uni/2019-2020/thesis/cogitantium/dtpu/pynq_vivado/pynqz2.srcs/sources_1/bd/pynqz2/ipshared/1ddd/hdl/sc_util_v1_0_vl_rfs.sv
Duplicated file found; will not be sent for synthesis: /media/fra/DATA/uni/2019-2020/thesis/cogitantium/dtpu/pynq_vivado/pynqz2.srcs/sources_1/bd/pynqz2/ipshared/c012/hdl/sc_switchboard_v1_0_vl_rfs.sv
Duplicated file found; will not be sent for synthesis: /media/fra/DATA/uni/2019-2020/thesis/cogitantium/dtpu/pynq_vivado/pynqz2.srcs/sources_1/bd/pynqz2/ipshared/1ddd/hdl/verilog/sc_util_v1_0_4_constants.vh
Duplicated file found; will not be sent for synthesis: /media/fra/DATA/uni/2019-2020/thesis/cogitantium/dtpu/pynq_vivado/pynqz2.srcs/sources_1/bd/pynqz2/ipshared/1ddd/hdl/verilog/sc_util_v1_0_4_structs.svh
Duplicated file found; will not be sent for synthesis: /media/fra/DATA/uni/2019-2020/thesis/cogitantium/dtpu/pynq_vivado/pynqz2.srcs/sources_1/bd/pynqz2/ipshared/1ddd/hdl/sc_util_v1_0_vl_rfs.sv
Duplicated file found; will not be sent for synthesis: /media/fra/DATA/uni/2019-2020/thesis/cogitantium/dtpu/pynq_vivado/pynqz2.srcs/sources_1/bd/pynqz2/ipshared/c012/hdl/sc_switchboard_v1_0_vl_rfs.sv
Duplicated file found; will not be sent for synthesis: /media/fra/DATA/uni/2019-2020/thesis/cogitantium/dtpu/pynq_vivado/pynqz2.srcs/sources_1/bd/pynqz2/ipshared/1ddd/hdl/verilog/sc_util_v1_0_4_constants.vh
Duplicated file found; will not be sent for synthesis: /media/fra/DATA/uni/2019-2020/thesis/cogitantium/dtpu/pynq_vivado/pynqz2.srcs/sources_1/bd/pynqz2/ipshared/1ddd/hdl/verilog/sc_util_v1_0_4_structs.svh
Duplicated file found; will not be sent for synthesis: /media/fra/DATA/uni/2019-2020/thesis/cogitantium/dtpu/pynq_vivado/pynqz2.srcs/sources_1/bd/pynqz2/ipshared/1ddd/hdl/sc_util_v1_0_vl_rfs.sv
Duplicated file found; will not be sent for synthesis: /media/fra/DATA/uni/2019-2020/thesis/cogitantium/dtpu/pynq_vivado/pynqz2.srcs/sources_1/bd/pynqz2/ipshared/1ddd/hdl/verilog/sc_util_v1_0_4_constants.vh
Duplicated file found; will not be sent for synthesis: /media/fra/DATA/uni/2019-2020/thesis/cogitantium/dtpu/pynq_vivado/pynqz2.srcs/sources_1/bd/pynqz2/ipshared/1ddd/hdl/verilog/sc_util_v1_0_4_structs.svh
Duplicated file found; will not be sent for synthesis: /media/fra/DATA/uni/2019-2020/thesis/cogitantium/dtpu/pynq_vivado/pynqz2.srcs/sources_1/bd/pynqz2/ipshared/1ddd/hdl/sc_util_v1_0_vl_rfs.sv
Duplicated file found; will not be sent for synthesis: /media/fra/DATA/uni/2019-2020/thesis/cogitantium/dtpu/pynq_vivado/pynqz2.srcs/sources_1/bd/pynqz2/ipshared/1ddd/hdl/verilog/sc_util_v1_0_4_constants.vh
Duplicated file found; will not be sent for synthesis: /media/fra/DATA/uni/2019-2020/thesis/cogitantium/dtpu/pynq_vivado/pynqz2.srcs/sources_1/bd/pynqz2/ipshared/1ddd/hdl/verilog/sc_util_v1_0_4_structs.svh
Duplicated file found; will not be sent for synthesis: /media/fra/DATA/uni/2019-2020/thesis/cogitantium/dtpu/pynq_vivado/pynqz2.srcs/sources_1/bd/pynqz2/ipshared/1ddd/hdl/sc_util_v1_0_vl_rfs.sv
Duplicated file found; will not be sent for synthesis: /media/fra/DATA/uni/2019-2020/thesis/cogitantium/dtpu/pynq_vivado/pynqz2.srcs/sources_1/bd/pynqz2/ipshared/1ddd/hdl/verilog/sc_util_v1_0_4_constants.vh
Duplicated file found; will not be sent for synthesis: /media/fra/DATA/uni/2019-2020/thesis/cogitantium/dtpu/pynq_vivado/pynqz2.srcs/sources_1/bd/pynqz2/ipshared/1ddd/hdl/verilog/sc_util_v1_0_4_structs.svh
Duplicated file found; will not be sent for synthesis: /media/fra/DATA/uni/2019-2020/thesis/cogitantium/dtpu/pynq_vivado/pynqz2.srcs/sources_1/bd/pynqz2/ipshared/1ddd/hdl/sc_util_v1_0_vl_rfs.sv
Duplicated file found; will not be sent for synthesis: /media/fra/DATA/uni/2019-2020/thesis/cogitantium/dtpu/pynq_vivado/pynqz2.srcs/sources_1/bd/pynqz2/ipshared/1ddd/hdl/verilog/sc_util_v1_0_4_constants.vh
Duplicated file found; will not be sent for synthesis: /media/fra/DATA/uni/2019-2020/thesis/cogitantium/dtpu/pynq_vivado/pynqz2.srcs/sources_1/bd/pynqz2/ipshared/1ddd/hdl/verilog/sc_util_v1_0_4_structs.svh
Duplicated file found; will not be sent for synthesis: /media/fra/DATA/uni/2019-2020/thesis/cogitantium/dtpu/pynq_vivado/pynqz2.srcs/sources_1/bd/pynqz2/ipshared/1ddd/hdl/sc_util_v1_0_vl_rfs.sv
Duplicated file found; will not be sent for synthesis: /media/fra/DATA/uni/2019-2020/thesis/cogitantium/dtpu/pynq_vivado/pynqz2.srcs/sources_1/bd/pynqz2/ipshared/1ddd/hdl/verilog/sc_util_v1_0_4_constants.vh
Duplicated file found; will not be sent for synthesis: /media/fra/DATA/uni/2019-2020/thesis/cogitantium/dtpu/pynq_vivado/pynqz2.srcs/sources_1/bd/pynqz2/ipshared/1ddd/hdl/verilog/sc_util_v1_0_4_structs.svh
Duplicated file found; will not be sent for synthesis: /media/fra/DATA/uni/2019-2020/thesis/cogitantium/dtpu/pynq_vivado/pynqz2.srcs/sources_1/bd/pynqz2/ipshared/1ddd/hdl/sc_util_v1_0_vl_rfs.sv
Duplicated file found; will not be sent for synthesis: /media/fra/DATA/uni/2019-2020/thesis/cogitantium/dtpu/pynq_vivado/pynqz2.srcs/sources_1/bd/pynqz2/ipshared/b2d0/hdl/verilog/sc_node_v1_0_10_t_reqsend.svh
Duplicated file found; will not be sent for synthesis: /media/fra/DATA/uni/2019-2020/thesis/cogitantium/dtpu/pynq_vivado/pynqz2.srcs/sources_1/bd/pynqz2/ipshared/b2d0/hdl/sc_node_v1_0_vl_rfs.sv
Duplicated file found; will not be sent for synthesis: /media/fra/DATA/uni/2019-2020/thesis/cogitantium/dtpu/pynq_vivado/pynqz2.srcs/sources_1/bd/pynqz2/ipshared/1ddd/hdl/verilog/sc_util_v1_0_4_constants.vh
Duplicated file found; will not be sent for synthesis: /media/fra/DATA/uni/2019-2020/thesis/cogitantium/dtpu/pynq_vivado/pynqz2.srcs/sources_1/bd/pynqz2/ipshared/1ddd/hdl/verilog/sc_util_v1_0_4_structs.svh
Duplicated file found; will not be sent for synthesis: /media/fra/DATA/uni/2019-2020/thesis/cogitantium/dtpu/pynq_vivado/pynqz2.srcs/sources_1/bd/pynqz2/ipshared/1ddd/hdl/sc_util_v1_0_vl_rfs.sv
Duplicated file found; will not be sent for synthesis: /media/fra/DATA/uni/2019-2020/thesis/cogitantium/dtpu/pynq_vivado/pynqz2.srcs/sources_1/bd/pynqz2/ipshared/2508/hdl/sc_mmu_v1_0_vl_rfs.sv
Duplicated file found; will not be sent for synthesis: /media/fra/DATA/uni/2019-2020/thesis/cogitantium/dtpu/pynq_vivado/pynqz2.srcs/sources_1/bd/pynqz2/ipshared/1ddd/hdl/verilog/sc_util_v1_0_4_constants.vh
Duplicated file found; will not be sent for synthesis: /media/fra/DATA/uni/2019-2020/thesis/cogitantium/dtpu/pynq_vivado/pynqz2.srcs/sources_1/bd/pynqz2/ipshared/1ddd/hdl/verilog/sc_util_v1_0_4_structs.svh
Duplicated file found; will not be sent for synthesis: /media/fra/DATA/uni/2019-2020/thesis/cogitantium/dtpu/pynq_vivado/pynqz2.srcs/sources_1/bd/pynqz2/ipshared/1ddd/hdl/sc_util_v1_0_vl_rfs.sv
Duplicated file found; will not be sent for synthesis: /media/fra/DATA/uni/2019-2020/thesis/cogitantium/dtpu/pynq_vivado/pynqz2.srcs/sources_1/bd/pynqz2/ipshared/ca72/hdl/sc_transaction_regulator_v1_0_vl_rfs.sv
Duplicated file found; will not be sent for synthesis: /media/fra/DATA/uni/2019-2020/thesis/cogitantium/dtpu/pynq_vivado/pynqz2.srcs/sources_1/bd/pynqz2/ipshared/1ddd/hdl/verilog/sc_util_v1_0_4_constants.vh
Duplicated file found; will not be sent for synthesis: /media/fra/DATA/uni/2019-2020/thesis/cogitantium/dtpu/pynq_vivado/pynqz2.srcs/sources_1/bd/pynqz2/ipshared/1ddd/hdl/verilog/sc_util_v1_0_4_structs.svh
Duplicated file found; will not be sent for synthesis: /media/fra/DATA/uni/2019-2020/thesis/cogitantium/dtpu/pynq_vivado/pynqz2.srcs/sources_1/bd/pynqz2/ipshared/1ddd/hdl/sc_util_v1_0_vl_rfs.sv
Duplicated file found; will not be sent for synthesis: /media/fra/DATA/uni/2019-2020/thesis/cogitantium/dtpu/pynq_vivado/pynqz2.srcs/sources_1/bd/pynqz2/ipshared/9d43/hdl/sc_si_converter_v1_0_vl_rfs.sv
Duplicated file found; will not be sent for synthesis: /media/fra/DATA/uni/2019-2020/thesis/cogitantium/dtpu/pynq_vivado/pynqz2.srcs/sources_1/bd/pynqz2/ipshared/1ddd/hdl/verilog/sc_util_v1_0_4_constants.vh
Duplicated file found; will not be sent for synthesis: /media/fra/DATA/uni/2019-2020/thesis/cogitantium/dtpu/pynq_vivado/pynqz2.srcs/sources_1/bd/pynqz2/ipshared/1ddd/hdl/verilog/sc_util_v1_0_4_structs.svh
Duplicated file found; will not be sent for synthesis: /media/fra/DATA/uni/2019-2020/thesis/cogitantium/dtpu/pynq_vivado/pynqz2.srcs/sources_1/bd/pynqz2/ipshared/1ddd/hdl/sc_util_v1_0_vl_rfs.sv
Duplicated file found; will not be sent for synthesis: /media/fra/DATA/uni/2019-2020/thesis/cogitantium/dtpu/pynq_vivado/pynqz2.srcs/sources_1/bd/pynqz2/ipshared/b89e/hdl/sc_axi2sc_v1_0_vl_rfs.sv
Duplicated file found; will not be sent for synthesis: /media/fra/DATA/uni/2019-2020/thesis/cogitantium/dtpu/pynq_vivado/pynqz2.srcs/sources_1/bd/pynqz2/ipshared/1ddd/hdl/verilog/sc_util_v1_0_4_constants.vh
Duplicated file found; will not be sent for synthesis: /media/fra/DATA/uni/2019-2020/thesis/cogitantium/dtpu/pynq_vivado/pynqz2.srcs/sources_1/bd/pynqz2/ipshared/1ddd/hdl/verilog/sc_util_v1_0_4_structs.svh
Duplicated file found; will not be sent for synthesis: /media/fra/DATA/uni/2019-2020/thesis/cogitantium/dtpu/pynq_vivado/pynqz2.srcs/sources_1/bd/pynqz2/ipshared/1ddd/hdl/sc_util_v1_0_vl_rfs.sv
Duplicated file found; will not be sent for synthesis: /media/fra/DATA/uni/2019-2020/thesis/cogitantium/dtpu/pynq_vivado/pynqz2.srcs/sources_1/bd/pynqz2/ipshared/b2d0/hdl/verilog/sc_node_v1_0_10_t_reqsend.svh
Duplicated file found; will not be sent for synthesis: /media/fra/DATA/uni/2019-2020/thesis/cogitantium/dtpu/pynq_vivado/pynqz2.srcs/sources_1/bd/pynqz2/ipshared/b2d0/hdl/sc_node_v1_0_vl_rfs.sv
Duplicated file found; will not be sent for synthesis: /media/fra/DATA/uni/2019-2020/thesis/cogitantium/dtpu/pynq_vivado/pynqz2.srcs/sources_1/bd/pynqz2/ipshared/1ddd/hdl/verilog/sc_util_v1_0_4_constants.vh
Duplicated file found; will not be sent for synthesis: /media/fra/DATA/uni/2019-2020/thesis/cogitantium/dtpu/pynq_vivado/pynqz2.srcs/sources_1/bd/pynqz2/ipshared/1ddd/hdl/verilog/sc_util_v1_0_4_structs.svh
Duplicated file found; will not be sent for synthesis: /media/fra/DATA/uni/2019-2020/thesis/cogitantium/dtpu/pynq_vivado/pynqz2.srcs/sources_1/bd/pynqz2/ipshared/1ddd/hdl/sc_util_v1_0_vl_rfs.sv
Duplicated file found; will not be sent for synthesis: /media/fra/DATA/uni/2019-2020/thesis/cogitantium/dtpu/pynq_vivado/pynqz2.srcs/sources_1/bd/pynqz2/ipshared/b2d0/hdl/verilog/sc_node_v1_0_10_t_reqsend.svh
Duplicated file found; will not be sent for synthesis: /media/fra/DATA/uni/2019-2020/thesis/cogitantium/dtpu/pynq_vivado/pynqz2.srcs/sources_1/bd/pynqz2/ipshared/b2d0/hdl/sc_node_v1_0_vl_rfs.sv
Duplicated file found; will not be sent for synthesis: /media/fra/DATA/uni/2019-2020/thesis/cogitantium/dtpu/pynq_vivado/pynqz2.srcs/sources_1/bd/pynqz2/ipshared/1ddd/hdl/verilog/sc_util_v1_0_4_constants.vh
Duplicated file found; will not be sent for synthesis: /media/fra/DATA/uni/2019-2020/thesis/cogitantium/dtpu/pynq_vivado/pynqz2.srcs/sources_1/bd/pynqz2/ipshared/1ddd/hdl/verilog/sc_util_v1_0_4_structs.svh
Duplicated file found; will not be sent for synthesis: /media/fra/DATA/uni/2019-2020/thesis/cogitantium/dtpu/pynq_vivado/pynqz2.srcs/sources_1/bd/pynqz2/ipshared/1ddd/hdl/sc_util_v1_0_vl_rfs.sv
Duplicated file found; will not be sent for synthesis: /media/fra/DATA/uni/2019-2020/thesis/cogitantium/dtpu/pynq_vivado/pynqz2.srcs/sources_1/bd/pynqz2/ipshared/2508/hdl/sc_mmu_v1_0_vl_rfs.sv
Duplicated file found; will not be sent for synthesis: /media/fra/DATA/uni/2019-2020/thesis/cogitantium/dtpu/pynq_vivado/pynqz2.srcs/sources_1/bd/pynqz2/ipshared/1ddd/hdl/verilog/sc_util_v1_0_4_constants.vh
Duplicated file found; will not be sent for synthesis: /media/fra/DATA/uni/2019-2020/thesis/cogitantium/dtpu/pynq_vivado/pynqz2.srcs/sources_1/bd/pynqz2/ipshared/1ddd/hdl/verilog/sc_util_v1_0_4_structs.svh
Duplicated file found; will not be sent for synthesis: /media/fra/DATA/uni/2019-2020/thesis/cogitantium/dtpu/pynq_vivado/pynqz2.srcs/sources_1/bd/pynqz2/ipshared/1ddd/hdl/sc_util_v1_0_vl_rfs.sv
Duplicated file found; will not be sent for synthesis: /media/fra/DATA/uni/2019-2020/thesis/cogitantium/dtpu/pynq_vivado/pynqz2.srcs/sources_1/bd/pynqz2/ipshared/ca72/hdl/sc_transaction_regulator_v1_0_vl_rfs.sv
Duplicated file found; will not be sent for synthesis: /media/fra/DATA/uni/2019-2020/thesis/cogitantium/dtpu/pynq_vivado/pynqz2.srcs/sources_1/bd/pynqz2/ipshared/1ddd/hdl/verilog/sc_util_v1_0_4_constants.vh
Duplicated file found; will not be sent for synthesis: /media/fra/DATA/uni/2019-2020/thesis/cogitantium/dtpu/pynq_vivado/pynqz2.srcs/sources_1/bd/pynqz2/ipshared/1ddd/hdl/verilog/sc_util_v1_0_4_structs.svh
Duplicated file found; will not be sent for synthesis: /media/fra/DATA/uni/2019-2020/thesis/cogitantium/dtpu/pynq_vivado/pynqz2.srcs/sources_1/bd/pynqz2/ipshared/1ddd/hdl/sc_util_v1_0_vl_rfs.sv
Duplicated file found; will not be sent for synthesis: /media/fra/DATA/uni/2019-2020/thesis/cogitantium/dtpu/pynq_vivado/pynqz2.srcs/sources_1/bd/pynqz2/ipshared/9d43/hdl/sc_si_converter_v1_0_vl_rfs.sv
Duplicated file found; will not be sent for synthesis: /media/fra/DATA/uni/2019-2020/thesis/cogitantium/dtpu/pynq_vivado/pynqz2.srcs/sources_1/bd/pynqz2/ipshared/1ddd/hdl/verilog/sc_util_v1_0_4_constants.vh
Duplicated file found; will not be sent for synthesis: /media/fra/DATA/uni/2019-2020/thesis/cogitantium/dtpu/pynq_vivado/pynqz2.srcs/sources_1/bd/pynqz2/ipshared/1ddd/hdl/verilog/sc_util_v1_0_4_structs.svh
Duplicated file found; will not be sent for synthesis: /media/fra/DATA/uni/2019-2020/thesis/cogitantium/dtpu/pynq_vivado/pynqz2.srcs/sources_1/bd/pynqz2/ipshared/1ddd/hdl/sc_util_v1_0_vl_rfs.sv
Duplicated file found; will not be sent for synthesis: /media/fra/DATA/uni/2019-2020/thesis/cogitantium/dtpu/pynq_vivado/pynqz2.srcs/sources_1/bd/pynqz2/ipshared/b89e/hdl/sc_axi2sc_v1_0_vl_rfs.sv
Duplicated file found; will not be sent for synthesis: /media/fra/DATA/uni/2019-2020/thesis/cogitantium/dtpu/pynq_vivado/pynqz2.srcs/sources_1/bd/pynqz2/ipshared/1ddd/hdl/verilog/sc_util_v1_0_4_constants.vh
Duplicated file found; will not be sent for synthesis: /media/fra/DATA/uni/2019-2020/thesis/cogitantium/dtpu/pynq_vivado/pynqz2.srcs/sources_1/bd/pynqz2/ipshared/1ddd/hdl/verilog/sc_util_v1_0_4_structs.svh
Duplicated file found; will not be sent for synthesis: /media/fra/DATA/uni/2019-2020/thesis/cogitantium/dtpu/pynq_vivado/pynqz2.srcs/sources_1/bd/pynqz2/ipshared/1ddd/hdl/sc_util_v1_0_vl_rfs.sv
Duplicated file found; will not be sent for synthesis: /media/fra/DATA/uni/2019-2020/thesis/cogitantium/dtpu/pynq_vivado/pynqz2.srcs/sources_1/bd/pynqz2/ipshared/b2d0/hdl/verilog/sc_node_v1_0_10_t_reqsend.svh
Duplicated file found; will not be sent for synthesis: /media/fra/DATA/uni/2019-2020/thesis/cogitantium/dtpu/pynq_vivado/pynqz2.srcs/sources_1/bd/pynqz2/ipshared/b2d0/hdl/sc_node_v1_0_vl_rfs.sv
Duplicated file found; will not be sent for synthesis: /media/fra/DATA/uni/2019-2020/thesis/cogitantium/dtpu/pynq_vivado/pynqz2.srcs/sources_1/bd/pynqz2/ipshared/1ddd/hdl/verilog/sc_util_v1_0_4_constants.vh
Duplicated file found; will not be sent for synthesis: /media/fra/DATA/uni/2019-2020/thesis/cogitantium/dtpu/pynq_vivado/pynqz2.srcs/sources_1/bd/pynqz2/ipshared/1ddd/hdl/verilog/sc_util_v1_0_4_structs.svh
Duplicated file found; will not be sent for synthesis: /media/fra/DATA/uni/2019-2020/thesis/cogitantium/dtpu/pynq_vivado/pynqz2.srcs/sources_1/bd/pynqz2/ipshared/1ddd/hdl/sc_util_v1_0_vl_rfs.sv
Duplicated file found; will not be sent for synthesis: /media/fra/DATA/uni/2019-2020/thesis/cogitantium/dtpu/pynq_vivado/pynqz2.srcs/sources_1/bd/pynqz2/ipshared/b2d0/hdl/verilog/sc_node_v1_0_10_t_reqsend.svh
Duplicated file found; will not be sent for synthesis: /media/fra/DATA/uni/2019-2020/thesis/cogitantium/dtpu/pynq_vivado/pynqz2.srcs/sources_1/bd/pynqz2/ipshared/b2d0/hdl/sc_node_v1_0_vl_rfs.sv
Duplicated file found; will not be sent for synthesis: /media/fra/DATA/uni/2019-2020/thesis/cogitantium/dtpu/pynq_vivado/pynqz2.srcs/sources_1/bd/pynqz2/ipshared/1ddd/hdl/verilog/sc_util_v1_0_4_constants.vh
Duplicated file found; will not be sent for synthesis: /media/fra/DATA/uni/2019-2020/thesis/cogitantium/dtpu/pynq_vivado/pynqz2.srcs/sources_1/bd/pynqz2/ipshared/1ddd/hdl/verilog/sc_util_v1_0_4_structs.svh
Duplicated file found; will not be sent for synthesis: /media/fra/DATA/uni/2019-2020/thesis/cogitantium/dtpu/pynq_vivado/pynqz2.srcs/sources_1/bd/pynqz2/ipshared/1ddd/hdl/sc_util_v1_0_vl_rfs.sv
Duplicated file found; will not be sent for synthesis: /media/fra/DATA/uni/2019-2020/thesis/cogitantium/dtpu/pynq_vivado/pynqz2.srcs/sources_1/bd/pynqz2/ipshared/b2d0/hdl/verilog/sc_node_v1_0_10_t_reqsend.svh
Duplicated file found; will not be sent for synthesis: /media/fra/DATA/uni/2019-2020/thesis/cogitantium/dtpu/pynq_vivado/pynqz2.srcs/sources_1/bd/pynqz2/ipshared/b2d0/hdl/sc_node_v1_0_vl_rfs.sv
Duplicated file found; will not be sent for synthesis: /media/fra/DATA/uni/2019-2020/thesis/cogitantium/dtpu/pynq_vivado/pynqz2.srcs/sources_1/bd/pynqz2/ipshared/1ddd/hdl/verilog/sc_util_v1_0_4_constants.vh
Duplicated file found; will not be sent for synthesis: /media/fra/DATA/uni/2019-2020/thesis/cogitantium/dtpu/pynq_vivado/pynqz2.srcs/sources_1/bd/pynqz2/ipshared/1ddd/hdl/verilog/sc_util_v1_0_4_structs.svh
Duplicated file found; will not be sent for synthesis: /media/fra/DATA/uni/2019-2020/thesis/cogitantium/dtpu/pynq_vivado/pynqz2.srcs/sources_1/bd/pynqz2/ipshared/1ddd/hdl/sc_util_v1_0_vl_rfs.sv
Duplicated file found; will not be sent for synthesis: /media/fra/DATA/uni/2019-2020/thesis/cogitantium/dtpu/pynq_vivado/pynqz2.srcs/sources_1/bd/pynqz2/ipshared/2508/hdl/sc_mmu_v1_0_vl_rfs.sv
Duplicated file found; will not be sent for synthesis: /media/fra/DATA/uni/2019-2020/thesis/cogitantium/dtpu/pynq_vivado/pynqz2.srcs/sources_1/bd/pynqz2/ipshared/1ddd/hdl/verilog/sc_util_v1_0_4_constants.vh
Duplicated file found; will not be sent for synthesis: /media/fra/DATA/uni/2019-2020/thesis/cogitantium/dtpu/pynq_vivado/pynqz2.srcs/sources_1/bd/pynqz2/ipshared/1ddd/hdl/verilog/sc_util_v1_0_4_structs.svh
Duplicated file found; will not be sent for synthesis: /media/fra/DATA/uni/2019-2020/thesis/cogitantium/dtpu/pynq_vivado/pynqz2.srcs/sources_1/bd/pynqz2/ipshared/1ddd/hdl/sc_util_v1_0_vl_rfs.sv
Duplicated file found; will not be sent for synthesis: /media/fra/DATA/uni/2019-2020/thesis/cogitantium/dtpu/pynq_vivado/pynqz2.srcs/sources_1/bd/pynqz2/ipshared/ca72/hdl/sc_transaction_regulator_v1_0_vl_rfs.sv
Duplicated file found; will not be sent for synthesis: /media/fra/DATA/uni/2019-2020/thesis/cogitantium/dtpu/pynq_vivado/pynqz2.srcs/sources_1/bd/pynqz2/ipshared/1ddd/hdl/verilog/sc_util_v1_0_4_constants.vh
Duplicated file found; will not be sent for synthesis: /media/fra/DATA/uni/2019-2020/thesis/cogitantium/dtpu/pynq_vivado/pynqz2.srcs/sources_1/bd/pynqz2/ipshared/1ddd/hdl/verilog/sc_util_v1_0_4_structs.svh
Duplicated file found; will not be sent for synthesis: /media/fra/DATA/uni/2019-2020/thesis/cogitantium/dtpu/pynq_vivado/pynqz2.srcs/sources_1/bd/pynqz2/ipshared/1ddd/hdl/sc_util_v1_0_vl_rfs.sv
Duplicated file found; will not be sent for synthesis: /media/fra/DATA/uni/2019-2020/thesis/cogitantium/dtpu/pynq_vivado/pynqz2.srcs/sources_1/bd/pynqz2/ipshared/9d43/hdl/sc_si_converter_v1_0_vl_rfs.sv
Duplicated file found; will not be sent for synthesis: /media/fra/DATA/uni/2019-2020/thesis/cogitantium/dtpu/pynq_vivado/pynqz2.srcs/sources_1/bd/pynqz2/ipshared/1ddd/hdl/verilog/sc_util_v1_0_4_constants.vh
Duplicated file found; will not be sent for synthesis: /media/fra/DATA/uni/2019-2020/thesis/cogitantium/dtpu/pynq_vivado/pynqz2.srcs/sources_1/bd/pynqz2/ipshared/1ddd/hdl/verilog/sc_util_v1_0_4_structs.svh
Duplicated file found; will not be sent for synthesis: /media/fra/DATA/uni/2019-2020/thesis/cogitantium/dtpu/pynq_vivado/pynqz2.srcs/sources_1/bd/pynqz2/ipshared/1ddd/hdl/sc_util_v1_0_vl_rfs.sv
Duplicated file found; will not be sent for synthesis: /media/fra/DATA/uni/2019-2020/thesis/cogitantium/dtpu/pynq_vivado/pynqz2.srcs/sources_1/bd/pynqz2/ipshared/b89e/hdl/sc_axi2sc_v1_0_vl_rfs.sv
Duplicated file found; will not be sent for synthesis: /media/fra/DATA/uni/2019-2020/thesis/cogitantium/dtpu/pynq_vivado/pynqz2.srcs/sources_1/bd/pynqz2/ipshared/1ddd/hdl/verilog/sc_util_v1_0_4_constants.vh
Duplicated file found; will not be sent for synthesis: /media/fra/DATA/uni/2019-2020/thesis/cogitantium/dtpu/pynq_vivado/pynqz2.srcs/sources_1/bd/pynqz2/ipshared/1ddd/hdl/verilog/sc_util_v1_0_4_structs.svh
Duplicated file found; will not be sent for synthesis: /media/fra/DATA/uni/2019-2020/thesis/cogitantium/dtpu/pynq_vivado/pynqz2.srcs/sources_1/bd/pynqz2/ipshared/1ddd/hdl/sc_util_v1_0_vl_rfs.sv
Duplicated file found; will not be sent for synthesis: /media/fra/DATA/uni/2019-2020/thesis/cogitantium/dtpu/pynq_vivado/pynqz2.srcs/sources_1/bd/pynqz2/ipshared/b2d0/hdl/verilog/sc_node_v1_0_10_t_reqsend.svh
Duplicated file found; will not be sent for synthesis: /media/fra/DATA/uni/2019-2020/thesis/cogitantium/dtpu/pynq_vivado/pynqz2.srcs/sources_1/bd/pynqz2/ipshared/b2d0/hdl/sc_node_v1_0_vl_rfs.sv
Duplicated file found; will not be sent for synthesis: /media/fra/DATA/uni/2019-2020/thesis/cogitantium/dtpu/pynq_vivado/pynqz2.srcs/sources_1/bd/pynqz2/ipshared/1ddd/hdl/verilog/sc_util_v1_0_4_constants.vh
Duplicated file found; will not be sent for synthesis: /media/fra/DATA/uni/2019-2020/thesis/cogitantium/dtpu/pynq_vivado/pynqz2.srcs/sources_1/bd/pynqz2/ipshared/1ddd/hdl/verilog/sc_util_v1_0_4_structs.svh
Duplicated file found; will not be sent for synthesis: /media/fra/DATA/uni/2019-2020/thesis/cogitantium/dtpu/pynq_vivado/pynqz2.srcs/sources_1/bd/pynqz2/ipshared/1ddd/hdl/sc_util_v1_0_vl_rfs.sv
Duplicated file found; will not be sent for synthesis: /media/fra/DATA/uni/2019-2020/thesis/cogitantium/dtpu/pynq_vivado/pynqz2.srcs/sources_1/bd/pynqz2/ipshared/b2d0/hdl/verilog/sc_node_v1_0_10_t_reqsend.svh
Duplicated file found; will not be sent for synthesis: /media/fra/DATA/uni/2019-2020/thesis/cogitantium/dtpu/pynq_vivado/pynqz2.srcs/sources_1/bd/pynqz2/ipshared/b2d0/hdl/sc_node_v1_0_vl_rfs.sv
Duplicated file found; will not be sent for synthesis: /media/fra/DATA/uni/2019-2020/thesis/cogitantium/dtpu/pynq_vivado/pynqz2.srcs/sources_1/bd/pynqz2/ipshared/1ddd/hdl/verilog/sc_util_v1_0_4_constants.vh
Duplicated file found; will not be sent for synthesis: /media/fra/DATA/uni/2019-2020/thesis/cogitantium/dtpu/pynq_vivado/pynqz2.srcs/sources_1/bd/pynqz2/ipshared/1ddd/hdl/verilog/sc_util_v1_0_4_structs.svh
Duplicated file found; will not be sent for synthesis: /media/fra/DATA/uni/2019-2020/thesis/cogitantium/dtpu/pynq_vivado/pynqz2.srcs/sources_1/bd/pynqz2/ipshared/1ddd/hdl/sc_util_v1_0_vl_rfs.sv
Duplicated file found; will not be sent for synthesis: /media/fra/DATA/uni/2019-2020/thesis/cogitantium/dtpu/pynq_vivado/pynqz2.srcs/sources_1/bd/pynqz2/ipshared/1ddd/hdl/verilog/sc_util_v1_0_4_constants.vh
Duplicated file found; will not be sent for synthesis: /media/fra/DATA/uni/2019-2020/thesis/cogitantium/dtpu/pynq_vivado/pynqz2.srcs/sources_1/bd/pynqz2/ipshared/1ddd/hdl/verilog/sc_util_v1_0_4_structs.svh
Duplicated file found; will not be sent for synthesis: /media/fra/DATA/uni/2019-2020/thesis/cogitantium/dtpu/pynq_vivado/pynqz2.srcs/sources_1/bd/pynqz2/ipshared/1ddd/hdl/sc_util_v1_0_vl_rfs.sv
Duplicated file found; will not be sent for synthesis: /media/fra/DATA/uni/2019-2020/thesis/cogitantium/dtpu/pynq_vivado/pynqz2.srcs/sources_1/bd/pynqz2/ipshared/b2d0/hdl/verilog/sc_node_v1_0_10_t_reqsend.svh
Duplicated file found; will not be sent for synthesis: /media/fra/DATA/uni/2019-2020/thesis/cogitantium/dtpu/pynq_vivado/pynqz2.srcs/sources_1/bd/pynqz2/ipshared/b2d0/hdl/sc_node_v1_0_vl_rfs.sv
Duplicated file found; will not be sent for synthesis: /media/fra/DATA/uni/2019-2020/thesis/cogitantium/dtpu/pynq_vivado/pynqz2.srcs/sources_1/bd/pynqz2/ipshared/1ddd/hdl/verilog/sc_util_v1_0_4_constants.vh
Duplicated file found; will not be sent for synthesis: /media/fra/DATA/uni/2019-2020/thesis/cogitantium/dtpu/pynq_vivado/pynqz2.srcs/sources_1/bd/pynqz2/ipshared/1ddd/hdl/verilog/sc_util_v1_0_4_structs.svh
Duplicated file found; will not be sent for synthesis: /media/fra/DATA/uni/2019-2020/thesis/cogitantium/dtpu/pynq_vivado/pynqz2.srcs/sources_1/bd/pynqz2/ipshared/1ddd/hdl/sc_util_v1_0_vl_rfs.sv
Duplicated file found; will not be sent for synthesis: /media/fra/DATA/uni/2019-2020/thesis/cogitantium/dtpu/pynq_vivado/pynqz2.srcs/sources_1/bd/pynqz2/ipshared/b2d0/hdl/verilog/sc_node_v1_0_10_t_reqsend.svh
Duplicated file found; will not be sent for synthesis: /media/fra/DATA/uni/2019-2020/thesis/cogitantium/dtpu/pynq_vivado/pynqz2.srcs/sources_1/bd/pynqz2/ipshared/b2d0/hdl/sc_node_v1_0_vl_rfs.sv
Duplicated file found; will not be sent for synthesis: /media/fra/DATA/uni/2019-2020/thesis/cogitantium/dtpu/pynq_vivado/pynqz2.srcs/sources_1/bd/pynqz2/ipshared/1ddd/hdl/verilog/sc_util_v1_0_4_constants.vh
Duplicated file found; will not be sent for synthesis: /media/fra/DATA/uni/2019-2020/thesis/cogitantium/dtpu/pynq_vivado/pynqz2.srcs/sources_1/bd/pynqz2/ipshared/1ddd/hdl/verilog/sc_util_v1_0_4_structs.svh
Duplicated file found; will not be sent for synthesis: /media/fra/DATA/uni/2019-2020/thesis/cogitantium/dtpu/pynq_vivado/pynqz2.srcs/sources_1/bd/pynqz2/ipshared/1ddd/hdl/sc_util_v1_0_vl_rfs.sv
Duplicated file found; will not be sent for synthesis: /media/fra/DATA/uni/2019-2020/thesis/cogitantium/dtpu/pynq_vivado/pynqz2.srcs/sources_1/bd/pynqz2/ipshared/b2d0/hdl/verilog/sc_node_v1_0_10_t_reqsend.svh
Duplicated file found; will not be sent for synthesis: /media/fra/DATA/uni/2019-2020/thesis/cogitantium/dtpu/pynq_vivado/pynqz2.srcs/sources_1/bd/pynqz2/ipshared/b2d0/hdl/sc_node_v1_0_vl_rfs.sv
Duplicated file found; will not be sent for synthesis: /media/fra/DATA/uni/2019-2020/thesis/cogitantium/dtpu/pynq_vivado/pynqz2.srcs/sources_1/bd/pynqz2/ipshared/1ddd/hdl/verilog/sc_util_v1_0_4_constants.vh
Duplicated file found; will not be sent for synthesis: /media/fra/DATA/uni/2019-2020/thesis/cogitantium/dtpu/pynq_vivado/pynqz2.srcs/sources_1/bd/pynqz2/ipshared/1ddd/hdl/verilog/sc_util_v1_0_4_structs.svh
Duplicated file found; will not be sent for synthesis: /media/fra/DATA/uni/2019-2020/thesis/cogitantium/dtpu/pynq_vivado/pynqz2.srcs/sources_1/bd/pynqz2/ipshared/1ddd/hdl/sc_util_v1_0_vl_rfs.sv
Duplicated file found; will not be sent for synthesis: /media/fra/DATA/uni/2019-2020/thesis/cogitantium/dtpu/pynq_vivado/pynqz2.srcs/sources_1/bd/pynqz2/ipshared/b2d0/hdl/verilog/sc_node_v1_0_10_t_reqsend.svh
Duplicated file found; will not be sent for synthesis: /media/fra/DATA/uni/2019-2020/thesis/cogitantium/dtpu/pynq_vivado/pynqz2.srcs/sources_1/bd/pynqz2/ipshared/b2d0/hdl/sc_node_v1_0_vl_rfs.sv
Duplicated file found; will not be sent for synthesis: /media/fra/DATA/uni/2019-2020/thesis/cogitantium/dtpu/pynq_vivado/pynqz2.srcs/sources_1/bd/pynqz2/ipshared/1ddd/hdl/verilog/sc_util_v1_0_4_constants.vh
Duplicated file found; will not be sent for synthesis: /media/fra/DATA/uni/2019-2020/thesis/cogitantium/dtpu/pynq_vivado/pynqz2.srcs/sources_1/bd/pynqz2/ipshared/1ddd/hdl/verilog/sc_util_v1_0_4_structs.svh
Duplicated file found; will not be sent for synthesis: /media/fra/DATA/uni/2019-2020/thesis/cogitantium/dtpu/pynq_vivado/pynqz2.srcs/sources_1/bd/pynqz2/ipshared/1ddd/hdl/sc_util_v1_0_vl_rfs.sv
Duplicated file found; will not be sent for synthesis: /media/fra/DATA/uni/2019-2020/thesis/cogitantium/dtpu/pynq_vivado/pynqz2.srcs/sources_1/bd/pynqz2/ipshared/b2d0/hdl/verilog/sc_node_v1_0_10_t_reqsend.svh
Duplicated file found; will not be sent for synthesis: /media/fra/DATA/uni/2019-2020/thesis/cogitantium/dtpu/pynq_vivado/pynqz2.srcs/sources_1/bd/pynqz2/ipshared/b2d0/hdl/sc_node_v1_0_vl_rfs.sv
Duplicated file found; will not be sent for synthesis: /media/fra/DATA/uni/2019-2020/thesis/cogitantium/dtpu/pynq_vivado/pynqz2.srcs/sources_1/bd/pynqz2/ipshared/1ddd/hdl/verilog/sc_util_v1_0_4_constants.vh
Duplicated file found; will not be sent for synthesis: /media/fra/DATA/uni/2019-2020/thesis/cogitantium/dtpu/pynq_vivado/pynqz2.srcs/sources_1/bd/pynqz2/ipshared/1ddd/hdl/verilog/sc_util_v1_0_4_structs.svh
Duplicated file found; will not be sent for synthesis: /media/fra/DATA/uni/2019-2020/thesis/cogitantium/dtpu/pynq_vivado/pynqz2.srcs/sources_1/bd/pynqz2/ipshared/1ddd/hdl/sc_util_v1_0_vl_rfs.sv
Duplicated file found; will not be sent for synthesis: /media/fra/DATA/uni/2019-2020/thesis/cogitantium/dtpu/pynq_vivado/pynqz2.srcs/sources_1/bd/pynqz2/ipshared/34f7/hdl/xlconstant_v1_1_vl_rfs.v
Duplicated file found; will not be sent for synthesis: /media/fra/DATA/uni/2019-2020/thesis/cogitantium/dtpu/pynq_vivado/pynqz2.srcs/sources_1/bd/pynqz2/ipshared/b752/hdl/generic_baseblocks_v2_1_vl_rfs.v
Duplicated file found; will not be sent for synthesis: /media/fra/DATA/uni/2019-2020/thesis/cogitantium/dtpu/pynq_vivado/pynqz2.srcs/sources_1/bd/pynqz2/ipshared/60de/hdl/axi_data_fifo_v2_1_vl_rfs.v
Duplicated file found; will not be sent for synthesis: /media/fra/DATA/uni/2019-2020/thesis/cogitantium/dtpu/pynq_vivado/pynqz2.srcs/sources_1/bd/pynqz2/ipshared/ec67/hdl/axi_infrastructure_v1_1_0.vh
Duplicated file found; will not be sent for synthesis: /media/fra/DATA/uni/2019-2020/thesis/cogitantium/dtpu/pynq_vivado/pynqz2.srcs/sources_1/bd/pynqz2/ipshared/ec67/hdl/axi_infrastructure_v1_1_vl_rfs.v
Duplicated file found; will not be sent for synthesis: /media/fra/DATA/uni/2019-2020/thesis/cogitantium/dtpu/pynq_vivado/pynqz2.srcs/sources_1/bd/pynqz2/ipshared/72d4/hdl/axi_register_slice_v2_1_vl_rfs.v
Duplicated file found; will not be sent for synthesis: /media/fra/DATA/uni/2019-2020/thesis/cogitantium/dtpu/pynq_vivado/pynqz2.srcs/sources_1/bd/pynqz2/ipshared/2985/hdl/blk_mem_gen_v8_4_vhsyn_rfs.vhd
Duplicated file found; will not be sent for synthesis: /media/fra/DATA/uni/2019-2020/thesis/cogitantium/dtpu/pynq_vivado/pynqz2.srcs/sources_1/bd/pynqz2/ipshared/276e/hdl/fifo_generator_v13_2_vhsyn_rfs.vhd
CRC performance measure: elapsed=00:00:00.03s;;memory_peak=1760.941MB;;memory_gain=0.000MB
