Copyright 1986-2019 Xilinx, Inc. All Rights Reserved.
----------------------------------------------------------------------------------------------------------------------------------------------------------------
| Tool Version     : Vivado v.2019.2 (lin64) Build 2708876 Wed Nov  6 21:39:14 MST 2019
| Date             : Mon Apr  6 18:37:27 2020
| Host             : fra running 64-bit Ubuntu 18.04.4 LTS
| Command          : report_power -file pynqz2_wrapper_power_routed.rpt -pb pynqz2_wrapper_power_summary_routed.pb -rpx pynqz2_wrapper_power_routed.rpx
| Design           : pynqz2_wrapper
| Device           : xc7z020clg400-1
| Design State     : routed
| Grade            : commercial
| Process          : typical
| Characterization : Production
----------------------------------------------------------------------------------------------------------------------------------------------------------------

Power Report

Table of Contents
-----------------
1. Summary
1.1 On-Chip Components
1.2 Power Supply Summary
1.3 Confidence Level
2. Settings
2.1 Environment
2.2 Clock Constraints
3. Detailed Reports
3.1 By Hierarchy

1. Summary
----------

+--------------------------+--------------+
| Total On-Chip Power (W)  | 1.524        |
| Design Power Budget (W)  | Unspecified* |
| Power Budget Margin (W)  | NA           |
| Dynamic (W)              | 1.399        |
| Device Static (W)        | 0.124        |
| Effective TJA (C/W)      | 4.8          |
| Max Ambient (C)          | 77.7         |
| Junction Temperature (C) | 32.3         |
| Confidence Level         | Low          |
| Setting File             | ---          |
| Simulation Activity File | ---          |
| Design Nets Matched      | NA           |
+--------------------------+--------------+
* Specify Design Power Budget using, set_operating_conditions -design_power_budget <value in Watts>


1.1 On-Chip Components
----------------------

+--------------------------+-----------+----------+-----------+-----------------+
| On-Chip                  | Power (W) | Used     | Available | Utilization (%) |
+--------------------------+-----------+----------+-----------+-----------------+
| Clocks                   |     0.048 |        3 |       --- |             --- |
| Slice Logic              |     0.015 |    25481 |       --- |             --- |
|   LUT as Logic           |     0.012 |     7602 |     53200 |           14.29 |
|   LUT as Distributed RAM |     0.001 |      650 |     17400 |            3.74 |
|   Register               |     0.001 |    12363 |    106400 |           11.62 |
|   CARRY4                 |    <0.001 |      248 |     13300 |            1.86 |
|   LUT as Shift Register  |    <0.001 |      334 |     17400 |            1.92 |
|   F7/F8 Muxes            |    <0.001 |      105 |     53200 |            0.20 |
|   Others                 |     0.000 |     1231 |       --- |             --- |
| Signals                  |     0.028 |    17668 |       --- |             --- |
| Block RAM                |     0.005 |       22 |       140 |           15.71 |
| DSPs                     |     0.035 |       56 |       220 |           25.45 |
| I/O                      |     0.003 |        6 |       125 |            4.80 |
| XADC                     |     0.002 |        1 |       --- |             --- |
| PS7                      |     1.263 |        1 |       --- |             --- |
| Static Power             |     0.124 |          |           |                 |
| Total                    |     1.524 |          |           |                 |
+--------------------------+-----------+----------+-----------+-----------------+


1.2 Power Supply Summary
------------------------

+-----------+-------------+-----------+-------------+------------+
| Source    | Voltage (V) | Total (A) | Dynamic (A) | Static (A) |
+-----------+-------------+-----------+-------------+------------+
| Vccint    |       1.000 |     0.141 |       0.131 |      0.010 |
| Vccaux    |       1.800 |     0.012 |       0.000 |      0.012 |
| Vcco33    |       3.300 |     0.002 |       0.001 |      0.001 |
| Vcco25    |       2.500 |     0.000 |       0.000 |      0.000 |
| Vcco18    |       1.800 |     0.000 |       0.000 |      0.000 |
| Vcco15    |       1.500 |     0.000 |       0.000 |      0.000 |
| Vcco135   |       1.350 |     0.000 |       0.000 |      0.000 |
| Vcco12    |       1.200 |     0.000 |       0.000 |      0.000 |
| Vccaux_io |       1.800 |     0.000 |       0.000 |      0.000 |
| Vccbram   |       1.000 |     0.002 |       0.000 |      0.002 |
| MGTAVcc   |       1.000 |     0.000 |       0.000 |      0.000 |
| MGTAVtt   |       1.200 |     0.000 |       0.000 |      0.000 |
| MGTVccaux |       1.800 |     0.000 |       0.000 |      0.000 |
| Vccpint   |       1.000 |     0.674 |       0.654 |      0.020 |
| Vccpaux   |       1.800 |     0.036 |       0.026 |      0.010 |
| Vccpll    |       1.800 |     0.017 |       0.014 |      0.003 |
| Vcco_ddr  |       1.500 |     0.354 |       0.352 |      0.002 |
| Vcco_mio0 |       3.300 |     0.003 |       0.002 |      0.001 |
| Vcco_mio1 |       1.800 |     0.003 |       0.002 |      0.001 |
| Vccadc    |       1.800 |     0.021 |       0.001 |      0.020 |
+-----------+-------------+-----------+-------------+------------+


1.3 Confidence Level
--------------------

+-----------------------------+------------+--------------------------------------------------------+------------------------------------------------------------------------------------------------------------+
| User Input Data             | Confidence | Details                                                | Action                                                                                                     |
+-----------------------------+------------+--------------------------------------------------------+------------------------------------------------------------------------------------------------------------+
| Design implementation state | High       | Design is routed                                       |                                                                                                            |
| Clock nodes activity        | High       | User specified more than 95% of clocks                 |                                                                                                            |
| I/O nodes activity          | Low        | More than 75% of inputs are missing user specification | Provide missing input activity with simulation results or by editing the "By Resource Type -> I/Os" view   |
| Internal nodes activity     | Medium     | User specified less than 25% of internal nodes         | Provide missing internal nodes activity with simulation results or by editing the "By Resource Type" views |
| Device models               | High       | Device models are Production                           |                                                                                                            |
|                             |            |                                                        |                                                                                                            |
| Overall confidence level    | Low        |                                                        |                                                                                                            |
+-----------------------------+------------+--------------------------------------------------------+------------------------------------------------------------------------------------------------------------+


2. Settings
-----------

2.1 Environment
---------------

+-----------------------+-------------------------+
| Ambient Temp (C)      | 25.0                    |
| ThetaJA (C/W)         | 4.8                     |
| Airflow (LFM)         | 250                     |
| Heat Sink             | medium (Medium Profile) |
| ThetaSA (C/W)         | 0.0                     |
| Board Selection       | medium (10"x10")        |
| # of Board Layers     | 8to11 (8 to 11 Layers)  |
| Board Temperature (C) | 25.0                    |
+-----------------------+-------------------------+


2.2 Clock Constraints
---------------------

+------------+-----------------------------+-----------------+
| Clock      | Domain                      | Constraint (ns) |
+------------+-----------------------------+-----------------+
| clk_fpga_0 | pynqz2_i/ps7/inst/FCLK_CLK0 |             9.0 |
+------------+-----------------------------+-----------------+


3. Detailed Reports
-------------------

3.1 By Hierarchy
----------------

+----------------------------+-----------+
| Name                       | Power (W) |
+----------------------------+-----------+
| pynqz2_wrapper             |     1.399 |
|   pynqz2_i                 |     1.396 |
|     axi_dma_csr_mem        |     0.005 |
|       U0                   |     0.005 |
|     axi_dma_infifo         |     0.012 |
|       U0                   |     0.012 |
|     axi_dma_weight_mem     |     0.004 |
|       U0                   |     0.004 |
|     dtpu                   |     0.062 |
|       axis_accelerator_ada |     0.009 |
|       dtpu_core            |     0.053 |
|     monitor                |     0.003 |
|       inst                 |     0.003 |
|     ps7                    |     1.264 |
|       inst                 |     1.264 |
|     ps7_axi_periph         |     0.005 |
|       s00_couplers         |     0.004 |
|       xbar                 |     0.001 |
|     smartconnect_0         |     0.038 |
|       inst                 |     0.038 |
+----------------------------+-----------+


